This is pdfTeX, Version 3.141592653-2.6-1.40.28 (TeX Live 2025) (preloaded format=pdflatex 2025.10.7)  30 MAY 2026 23:21
entering extended mode
 restricted \write18 enabled.
 %&-line parsing enabled.
**main.tex
(./main.tex
LaTeX2e <2025-06-01> patch level 1
L3 programming layer <2025-09-02>
(c:/Users/ericx/AppData/Roaming/TinyTeX/texmf-dist/tex/latex/base/article.cls
Document Class: article 2025/01/22 v1.4n Standard LaTeX document class
(c:/Users/ericx/AppData/Roaming/TinyTeX/texmf-dist/tex/latex/base/size11.clo
File: size11.clo 2025/01/22 v1.4n Standard LaTeX file (size option)
)
\c@part=\count275
\c@section=\count276
\c@subsection=\count277
\c@subsubsection=\count278
\c@paragraph=\count279
\c@subparagraph=\count280
\c@figure=\count281
\c@table=\count282
\abovecaptionskip=\skip49
\belowcaptionskip=\skip50
\bibindent=\dimen148
) (c:/Users/ericx/AppData/Roaming/TinyTeX/texmf-dist/tex/latex/geometry/geometry.sty
Package: geometry 2020/01/02 v5.9 Page Geometry
 (c:/Users/ericx/AppData/Roaming/TinyTeX/texmf-dist/tex/latex/graphics/keyval.sty
Package: keyval 2022/05/29 v1.15 key=value parser (DPC)
\KV@toks@=\toks17
) (c:/Users/ericx/AppData/Roaming/TinyTeX/texmf-dist/tex/generic/iftex/ifvtex.sty
Package: ifvtex 2019/10/25 v1.7 ifvtex legacy package. Use iftex instead.
 (c:/Users/ericx/AppData/Roaming/TinyTeX/texmf-dist/tex/generic/iftex/iftex.sty
Package: iftex 2024/12/12 v1.0g TeX engine tests
))
\Gm@cnth=\count283
\Gm@cntv=\count284
\c@Gm@tempcnt=\count285
\Gm@bindingoffset=\dimen149
\Gm@wd@mp=\dimen150
\Gm@odd@mp=\dimen151
\Gm@even@mp=\dimen152
\Gm@layoutwidth=\dimen153
\Gm@layoutheight=\dimen154
\Gm@layouthoffset=\dimen155
\Gm@layoutvoffset=\dimen156
\Gm@dimlist=\toks18
) (c:/Users/ericx/AppData/Roaming/TinyTeX/texmf-dist/tex/latex/graphics/graphicx.sty
Package: graphicx 2024/12/31 v1.2e Enhanced LaTeX Graphics (DPC,SPQR)
 (c:/Users/ericx/AppData/Roaming/TinyTeX/texmf-dist/tex/latex/graphics/graphics.sty
Package: graphics 2024/08/06 v1.4g Standard LaTeX Graphics (DPC,SPQR)
 (c:/Users/ericx/AppData/Roaming/TinyTeX/texmf-dist/tex/latex/graphics/trig.sty
Package: trig 2023/12/02 v1.11 sin cos tan (DPC)
) (c:/Users/ericx/AppData/Roaming/TinyTeX/texmf-dist/tex/latex/graphics-cfg/graphics.cfg
File: graphics.cfg 2016/06/04 v1.11 sample graphics configuration
)
Package graphics Info: Driver file: pdftex.def on input line 106.
 (c:/Users/ericx/AppData/Roaming/TinyTeX/texmf-dist/tex/latex/graphics-def/pdftex.def
File: pdftex.def 2025/09/29 v1.2d Graphics/color driver for pdftex
))
\Gin@req@height=\dimen157
\Gin@req@width=\dimen158
) (c:/Users/ericx/AppData/Roaming/TinyTeX/texmf-dist/tex/latex/float/float.sty
Package: float 2001/11/08 v1.3d Float enhancements (AL)
\c@float@type=\count286
\float@exts=\toks19
\float@box=\box53
\@float@everytoks=\toks20
\@floatcapt=\box54
) (c:/Users/ericx/AppData/Roaming/TinyTeX/texmf-dist/tex/latex/amsmath/amsmath.sty
Package: amsmath 2025/06/16 v2.17y AMS math features
\@mathmargin=\skip51

For additional information on amsmath, use the `?' option.
(c:/Users/ericx/AppData/Roaming/TinyTeX/texmf-dist/tex/latex/amsmath/amstext.sty
Package: amstext 2024/11/17 v2.01 AMS text
 (c:/Users/ericx/AppData/Roaming/TinyTeX/texmf-dist/tex/latex/amsmath/amsgen.sty
File: amsgen.sty 1999/11/30 v2.0 generic functions
\@emptytoks=\toks21
\ex@=\dimen159
)) (c:/Users/ericx/AppData/Roaming/TinyTeX/texmf-dist/tex/latex/amsmath/amsbsy.sty
Package: amsbsy 1999/11/29 v1.2d Bold Symbols
\pmbraise@=\dimen160
) (c:/Users/ericx/AppData/Roaming/TinyTeX/texmf-dist/tex/latex/amsmath/amsopn.sty
Package: amsopn 2022/04/08 v2.04 operator names
)
\inf@bad=\count287
LaTeX Info: Redefining \frac on input line 233.
\uproot@=\count288
\leftroot@=\count289
LaTeX Info: Redefining \overline on input line 398.
LaTeX Info: Redefining \colon on input line 409.
\classnum@=\count290
\DOTSCASE@=\count291
LaTeX Info: Redefining \ldots on input line 495.
LaTeX Info: Redefining \dots on input line 498.
LaTeX Info: Redefining \cdots on input line 619.
\Mathstrutbox@=\box55
\strutbox@=\box56
LaTeX Info: Redefining \big on input line 721.
LaTeX Info: Redefining \Big on input line 722.
LaTeX Info: Redefining \bigg on input line 723.
LaTeX Info: Redefining \Bigg on input line 724.
\big@size=\dimen161
LaTeX Font Info:    Redeclaring font encoding OML on input line 742.
LaTeX Font Info:    Redeclaring font encoding OMS on input line 743.
\macc@depth=\count292
LaTeX Info: Redefining \bmod on input line 904.
LaTeX Info: Redefining \pmod on input line 909.
LaTeX Info: Redefining \smash on input line 939.
LaTeX Info: Redefining \relbar on input line 969.
LaTeX Info: Redefining \Relbar on input line 970.
\c@MaxMatrixCols=\count293
\dotsspace@=\muskip17
\c@parentequation=\count294
\dspbrk@lvl=\count295
\tag@help=\toks22
\row@=\count296
\column@=\count297
\maxfields@=\count298
\andhelp@=\toks23
\eqnshift@=\dimen162
\alignsep@=\dimen163
\tagshift@=\dimen164
\tagwidth@=\dimen165
\totwidth@=\dimen166
\lineht@=\dimen167
\@envbody=\toks24
\multlinegap=\skip52
\multlinetaggap=\skip53
\mathdisplay@stack=\toks25
LaTeX Info: Redefining \[ on input line 2949.
LaTeX Info: Redefining \] on input line 2950.
) (c:/Users/ericx/AppData/Roaming/TinyTeX/texmf-dist/tex/latex/amsfonts/amssymb.sty
Package: amssymb 2013/01/14 v3.01 AMS font symbols
 (c:/Users/ericx/AppData/Roaming/TinyTeX/texmf-dist/tex/latex/amsfonts/amsfonts.sty
Package: amsfonts 2013/01/14 v3.01 Basic AMSFonts support
\symAMSa=\mathgroup4
\symAMSb=\mathgroup5
LaTeX Font Info:    Redeclaring math symbol \hbar on input line 98.
LaTeX Font Info:    Overwriting math alphabet `\mathfrak' in version `bold'
(Font)                  U/euf/m/n --> U/euf/b/n on input line 106.
)) (c:/Users/ericx/AppData/Roaming/TinyTeX/texmf-dist/tex/latex/tools/bm.sty
Package: bm 2023/12/19 v1.2f Bold Symbol Support (DPC/FMi)
\symboldoperators=\mathgroup6
\symboldletters=\mathgroup7
\symboldsymbols=\mathgroup8
Package bm Info: No bold for \OMX/cmex/m/n, using \pmb.
Package bm Info: No bold for \U/msa/m/n, using \pmb.
Package bm Info: No bold for \U/msb/m/n, using \pmb.
LaTeX Font Info:    Redeclaring math alphabet \mathbf on input line 149.
) (c:/Users/ericx/AppData/Roaming/TinyTeX/texmf-dist/tex/latex/booktabs/booktabs.sty
Package: booktabs 2020/01/12 v1.61803398 Publication quality tables
\heavyrulewidth=\dimen168
\lightrulewidth=\dimen169
\cmidrulewidth=\dimen170
\belowrulesep=\dimen171
\belowbottomsep=\dimen172
\aboverulesep=\dimen173
\abovetopsep=\dimen174
\cmidrulesep=\dimen175
\cmidrulekern=\dimen176
\defaultaddspace=\dimen177
\@cmidla=\count299
\@cmidlb=\count300
\@aboverulesep=\dimen178
\@belowrulesep=\dimen179
\@thisruleclass=\count301
\@lastruleclass=\count302
\@thisrulewidth=\dimen180
) (c:/Users/ericx/AppData/Roaming/TinyTeX/texmf-dist/tex/latex/natbib/natbib.sty
Package: natbib 2010/09/13 8.31b (PWD, AO)
\bibhang=\skip54
\bibsep=\skip55
LaTeX Info: Redefining \cite on input line 694.
\c@NAT@ctr=\count303
) (c:/Users/ericx/AppData/Roaming/TinyTeX/texmf-dist/tex/latex/xcolor/xcolor.sty
Package: xcolor 2024/09/29 v3.02 LaTeX color extensions (UK)
 (c:/Users/ericx/AppData/Roaming/TinyTeX/texmf-dist/tex/latex/graphics-cfg/color.cfg
File: color.cfg 2016/01/02 v1.6 sample color configuration
)
Package xcolor Info: Driver file: pdftex.def on input line 274.
 (c:/Users/ericx/AppData/Roaming/TinyTeX/texmf-dist/tex/latex/graphics/mathcolor.ltx)
Package xcolor Info: Model `cmy' substituted by `cmy0' on input line 1349.
Package xcolor Info: Model `hsb' substituted by `rgb' on input line 1353.
Package xcolor Info: Model `RGB' extended on input line 1365.
Package xcolor Info: Model `HTML' substituted by `rgb' on input line 1367.
Package xcolor Info: Model `Hsb' substituted by `hsb' on input line 1368.
Package xcolor Info: Model `tHsb' substituted by `hsb' on input line 1369.
Package xcolor Info: Model `HSB' substituted by `hsb' on input line 1370.
Package xcolor Info: Model `Gray' substituted by `gray' on input line 1371.
Package xcolor Info: Model `wave' substituted by `hsb' on input line 1372.
) (c:/Users/ericx/AppData/Roaming/TinyTeX/texmf-dist/tex/latex/hyperref/hyperref.sty
Package: hyperref 2025-07-12 v7.01o Hypertext links for LaTeX
 (c:/Users/ericx/AppData/Roaming/TinyTeX/texmf-dist/tex/latex/kvsetkeys/kvsetkeys.sty
Package: kvsetkeys 2022-10-05 v1.19 Key value parser (HO)
) (c:/Users/ericx/AppData/Roaming/TinyTeX/texmf-dist/tex/generic/kvdefinekeys/kvdefinekeys.sty
Package: kvdefinekeys 2019-12-19 v1.6 Define keys (HO)
) (c:/Users/ericx/AppData/Roaming/TinyTeX/texmf-dist/tex/generic/pdfescape/pdfescape.sty
Package: pdfescape 2019/12/09 v1.15 Implements pdfTeX's escape features (HO)
 (c:/Users/ericx/AppData/Roaming/TinyTeX/texmf-dist/tex/generic/ltxcmds/ltxcmds.sty
Package: ltxcmds 2023-12-04 v1.26 LaTeX kernel commands for general use (HO)
) (c:/Users/ericx/AppData/Roaming/TinyTeX/texmf-dist/tex/generic/pdftexcmds/pdftexcmds.sty
Package: pdftexcmds 2020-06-27 v0.33 Utility functions of pdfTeX for LuaTeX (HO)
 (c:/Users/ericx/AppData/Roaming/TinyTeX/texmf-dist/tex/generic/infwarerr/infwarerr.sty
Package: infwarerr 2019/12/03 v1.5 Providing info/warning/error messages (HO)
)
Package pdftexcmds Info: \pdf@primitive is available.
Package pdftexcmds Info: \pdf@ifprimitive is available.
Package pdftexcmds Info: \pdfdraftmode found.
)) (c:/Users/ericx/AppData/Roaming/TinyTeX/texmf-dist/tex/latex/hycolor/hycolor.sty
Package: hycolor 2020-01-27 v1.10 Color options for hyperref/bookmark (HO)
) (c:/Users/ericx/AppData/Roaming/TinyTeX/texmf-dist/tex/latex/hyperref/nameref.sty
Package: nameref 2025-06-21 v2.57 Cross-referencing by name of section
 (c:/Users/ericx/AppData/Roaming/TinyTeX/texmf-dist/tex/latex/refcount/refcount.sty
Package: refcount 2019/12/15 v3.6 Data extraction from label references (HO)
) (c:/Users/ericx/AppData/Roaming/TinyTeX/texmf-dist/tex/generic/gettitlestring/gettitlestring.sty
Package: gettitlestring 2019/12/15 v1.6 Cleanup title references (HO)
 (c:/Users/ericx/AppData/Roaming/TinyTeX/texmf-dist/tex/latex/kvoptions/kvoptions.sty
Package: kvoptions 2022-06-15 v3.15 Key value format for package options (HO)
))
\c@section@level=\count304
) (c:/Users/ericx/AppData/Roaming/TinyTeX/texmf-dist/tex/latex/etoolbox/etoolbox.sty
Package: etoolbox 2025/10/02 v2.5m e-TeX tools for LaTeX (JAW)
\etb@tempcnta=\count305
) (c:/Users/ericx/AppData/Roaming/TinyTeX/texmf-dist/tex/generic/stringenc/stringenc.sty
Package: stringenc 2019/11/29 v1.12 Convert strings between diff. encodings (HO)
)
\@linkdim=\dimen181
\Hy@linkcounter=\count306
\Hy@pagecounter=\count307
 (c:/Users/ericx/AppData/Roaming/TinyTeX/texmf-dist/tex/latex/hyperref/pd1enc.def
File: pd1enc.def 2025-07-12 v7.01o Hyperref: PDFDocEncoding definition (HO)
Now handling font encoding PD1 ...
... no UTF-8 mapping file for font encoding PD1
) (c:/Users/ericx/AppData/Roaming/TinyTeX/texmf-dist/tex/generic/intcalc/intcalc.sty
Package: intcalc 2019/12/15 v1.3 Expandable calculations with integers (HO)
)
\Hy@SavedSpaceFactor=\count308
 (c:/Users/ericx/AppData/Roaming/TinyTeX/texmf-dist/tex/latex/hyperref/puenc.def
File: puenc.def 2025-07-12 v7.01o Hyperref: PDF Unicode definition (HO)
Now handling font encoding PU ...
... no UTF-8 mapping file for font encoding PU
)
Package hyperref Info: Option `colorlinks' set `true' on input line 4066.
Package hyperref Info: Hyper figures OFF on input line 4195.
Package hyperref Info: Link nesting OFF on input line 4200.
Package hyperref Info: Hyper index ON on input line 4203.
Package hyperref Info: Plain pages OFF on input line 4210.
Package hyperref Info: Backreferencing OFF on input line 4215.
Package hyperref Info: Implicit mode ON; LaTeX internals redefined.
Package hyperref Info: Bookmarks ON on input line 4462.
\c@Hy@tempcnt=\count309
 (c:/Users/ericx/AppData/Roaming/TinyTeX/texmf-dist/tex/latex/url/url.sty
\Urlmuskip=\muskip18
Package: url 2013/09/16  ver 3.4  Verb mode for urls, etc.
)
LaTeX Info: Redefining \url on input line 4801.
\XeTeXLinkMargin=\dimen182
 (c:/Users/ericx/AppData/Roaming/TinyTeX/texmf-dist/tex/generic/bitset/bitset.sty
Package: bitset 2019/12/09 v1.3 Handle bit-vector datatype (HO)
 (c:/Users/ericx/AppData/Roaming/TinyTeX/texmf-dist/tex/generic/bigintcalc/bigintcalc.sty
Package: bigintcalc 2019/12/15 v1.5 Expandable calculations on big integers (HO)
))
\Fld@menulength=\count310
\Field@Width=\dimen183
\Fld@charsize=\dimen184
Package hyperref Info: Hyper figures OFF on input line 6078.
Package hyperref Info: Link nesting OFF on input line 6083.
Package hyperref Info: Hyper index ON on input line 6086.
Package hyperref Info: backreferencing OFF on input line 6093.
Package hyperref Info: Link coloring ON on input line 6096.
Package hyperref Info: Link coloring with OCG OFF on input line 6103.
Package hyperref Info: PDF/A mode OFF on input line 6108.
\Hy@abspage=\count311
\c@Item=\count312
\c@Hfootnote=\count313
)
Package hyperref Info: Driver (autodetected): hpdftex.
 (c:/Users/ericx/AppData/Roaming/TinyTeX/texmf-dist/tex/latex/hyperref/hpdftex.def
File: hpdftex.def 2025-07-12 v7.01o Hyperref driver for pdfTeX
\Fld@listcount=\count314
\c@bookmark@seq@number=\count315
 (c:/Users/ericx/AppData/Roaming/TinyTeX/texmf-dist/tex/latex/rerunfilecheck/rerunfilecheck.sty
Package: rerunfilecheck 2025-06-21 v1.11 Rerun checks for auxiliary files (HO)
 (c:/Users/ericx/AppData/Roaming/TinyTeX/texmf-dist/tex/generic/uniquecounter/uniquecounter.sty
Package: uniquecounter 2019/12/15 v1.4 Provide unlimited unique counter (HO)
)
Package uniquecounter Info: New unique counter `rerunfilecheck' on input line 284.
)
\Hy@SectionHShift=\skip56
) (c:/Users/ericx/AppData/Roaming/TinyTeX/texmf-dist/tex/latex/l3backend/l3backend-pdftex.def
File: l3backend-pdftex.def 2025-06-09 L3 backend support: PDF output (pdfTeX)
\l__color_backend_stack_int=\count316
) (./main.aux)
\openout1 = `main.aux'.

LaTeX Font Info:    Checking defaults for OML/cmm/m/it on input line 40.
LaTeX Font Info:    ... okay on input line 40.
LaTeX Font Info:    Checking defaults for OMS/cmsy/m/n on input line 40.
LaTeX Font Info:    ... okay on input line 40.
LaTeX Font Info:    Checking defaults for OT1/cmr/m/n on input line 40.
LaTeX Font Info:    ... okay on input line 40.
LaTeX Font Info:    Checking defaults for T1/cmr/m/n on input line 40.
LaTeX Font Info:    ... okay on input line 40.
LaTeX Font Info:    Checking defaults for TS1/cmr/m/n on input line 40.
LaTeX Font Info:    ... okay on input line 40.
LaTeX Font Info:    Checking defaults for OMX/cmex/m/n on input line 40.
LaTeX Font Info:    ... okay on input line 40.
LaTeX Font Info:    Checking defaults for U/cmr/m/n on input line 40.
LaTeX Font Info:    ... okay on input line 40.
LaTeX Font Info:    Checking defaults for PD1/pdf/m/n on input line 40.
LaTeX Font Info:    ... okay on input line 40.
LaTeX Font Info:    Checking defaults for PU/pdf/m/n on input line 40.
LaTeX Font Info:    ... okay on input line 40.

*geometry* driver: auto-detecting
*geometry* detected driver: pdftex
*geometry* verbose mode - [ preamble ] result:
* driver: pdftex
* paper: <default>
* layout: <same size as paper>
* layoutoffset:(h,v)=(0.0pt,0.0pt)
* modes: 
* h-part:(L,W,R)=(72.26999pt, 469.75502pt, 72.26999pt)
* v-part:(T,H,B)=(72.26999pt, 650.43001pt, 72.26999pt)
* \paperwidth=614.295pt
* \paperheight=794.96999pt
* \textwidth=469.75502pt
* \textheight=650.43001pt
* \oddsidemargin=0.0pt
* \evensidemargin=0.0pt
* \topmargin=-37.0pt
* \headheight=12.0pt
* \headsep=25.0pt
* \topskip=11.0pt
* \footskip=30.0pt
* \marginparwidth=59.0pt
* \marginparsep=10.0pt
* \columnsep=10.0pt
* \skip\footins=10.0pt plus 4.0pt minus 2.0pt
* \hoffset=0.0pt
* \voffset=0.0pt
* \mag=1000
* \@twocolumnfalse
* \@twosidefalse
* \@mparswitchfalse
* \@reversemarginfalse
* (1in=72.27pt=25.4mm, 1cm=28.453pt)

(c:/Users/ericx/AppData/Roaming/TinyTeX/texmf-dist/tex/latex/epstopdf-pkg/epstopdf-base.sty
Package: epstopdf-base 2020-01-24 v2.11 Base part for package epstopdf
Package epstopdf-base Info: Redefining graphics rule for `.eps' on input line 485.
 (c:/Users/ericx/AppData/Roaming/TinyTeX/texmf-dist/tex/latex/latexconfig/epstopdf-sys.cfg
File: epstopdf-sys.cfg 2010/07/13 v1.3 Configuration of (r)epstopdf for TeX Live
))
Package hyperref Info: Link coloring ON on input line 40.
 (./main.out) (./main.out)
\@outlinefile=\write3
\openout3 = `main.out'.

LaTeX Font Info:    Trying to load font information for U+msa on input line 43.
 (c:/Users/ericx/AppData/Roaming/TinyTeX/texmf-dist/tex/latex/amsfonts/umsa.fd
File: umsa.fd 2013/01/14 v3.01 AMS symbols A
)
LaTeX Font Info:    Trying to load font information for U+msb on input line 43.
 (c:/Users/ericx/AppData/Roaming/TinyTeX/texmf-dist/tex/latex/amsfonts/umsb.fd
File: umsb.fd 2013/01/14 v3.01 AMS symbols B
) (./_sections/intro.tex

[1

{c:/Users/ericx/AppData/Roaming/TinyTeX/texmf-var/fonts/map/pdftex/updmap/pdftex.map}]

[2]) (./_sections/background.tex

[3]) (./_sections/methods.tex

[4]

[5]
<figures/noise_distributions.png, id=153, 860.013pt x 297.2706pt>
File: figures/noise_distributions.png Graphic file (type png)
<use figures/noise_distributions.png>
Package pdftex.def Info: figures/noise_distributions.png  used on input line 87.
(pdftex.def)             Requested size: 319.42996pt x 110.41478pt.


[6 <./figures/noise_distributions.png>])

[7] (./_sections/results_l96.tex
<figures/L96_Integrator__cell08__out00.png, id=177, 643.203pt x 354.123pt>
File: figures/L96_Integrator__cell08__out00.png Graphic file (type png)
<use figures/L96_Integrator__cell08__out00.png>
Package pdftex.def Info: figures/L96_Integrator__cell08__out00.png  used on input line 40.
(pdftex.def)             Requested size: 272.45877pt x 150.00586pt.
<figures/L96_Integrator__cell10__out00.png, id=178, 643.203pt x 354.123pt>
File: figures/L96_Integrator__cell10__out00.png Graphic file (type png)
<use figures/L96_Integrator__cell10__out00.png>
Package pdftex.def Info: figures/L96_Integrator__cell10__out00.png  used on input line 56.
(pdftex.def)             Requested size: 272.45877pt x 150.00586pt.


[8]

[9 <./figures/L96_Integrator__cell08__out00.png> <./figures/L96_Integrator__cell10__out00.png>]
<figures/L96_PaperFaithful__cell10__out00.png, id=193, 570.933pt x 281.853pt>
File: figures/L96_PaperFaithful__cell10__out00.png Graphic file (type png)
<use figures/L96_PaperFaithful__cell10__out00.png>
Package pdftex.def Info: figures/L96_PaperFaithful__cell10__out00.png  used on input line 93.
(pdftex.def)             Requested size: 272.45877pt x 134.50946pt.
<figures/L96_PaperFaithful__cell19__out00.png, id=196, 714.7503pt x 317.988pt>
File: figures/L96_PaperFaithful__cell19__out00.png Graphic file (type png)
<use figures/L96_PaperFaithful__cell19__out00.png>
Package pdftex.def Info: figures/L96_PaperFaithful__cell19__out00.png  used on input line 132.
(pdftex.def)             Requested size: 385.20255pt x 171.38101pt.
<figures/L96_PaperFaithful__cell20__out00.png, id=197, 809.424pt x 255.8358pt>
File: figures/L96_PaperFaithful__cell20__out00.png Graphic file (type png)
<use figures/L96_PaperFaithful__cell20__out00.png>
Package pdftex.def Info: figures/L96_PaperFaithful__cell20__out00.png  used on input line 148.
(pdftex.def)             Requested size: 399.29463pt x 126.20775pt.


[10 <./figures/L96_PaperFaithful__cell10__out00.png>]

[11 <./figures/L96_PaperFaithful__cell19__out00.png> <./figures/L96_PaperFaithful__cell20__out00.png>]
<figures/L96_PaperFaithful__cell28__out00.png, id=215, 1076.823pt x 334.6101pt>
File: figures/L96_PaperFaithful__cell28__out00.png Graphic file (type png)
<use figures/L96_PaperFaithful__cell28__out00.png>
Package pdftex.def Info: figures/L96_PaperFaithful__cell28__out00.png  used on input line 213.
(pdftex.def)             Requested size: 413.3867pt x 128.45511pt.


[12]
<figures/L96_SlidingWindow__cell27__out00.png, id=223, 826.0461pt x 518.1759pt>
File: figures/L96_SlidingWindow__cell27__out00.png Graphic file (type png)
<use figures/L96_SlidingWindow__cell27__out00.png>
Package pdftex.def Info: figures/L96_SlidingWindow__cell27__out00.png  used on input line 264.
(pdftex.def)             Requested size: 399.29463pt x 250.47688pt.
<figures/L96_SlidingWindow__cell30__out00.png, id=225, 931.5603pt x 672.8337pt>
File: figures/L96_SlidingWindow__cell30__out00.png Graphic file (type png)
<use figures/L96_SlidingWindow__cell30__out00.png>
Package pdftex.def Info: figures/L96_SlidingWindow__cell30__out00.png  used on input line 297.
(pdftex.def)             Requested size: 385.20255pt x 278.22491pt.


[13 <./figures/L96_PaperFaithful__cell28__out00.png>]
<figures/L96_SlidingWindow__cell31__out00.png, id=237, 931.5603pt x 666.3294pt>
File: figures/L96_SlidingWindow__cell31__out00.png Graphic file (type png)
<use figures/L96_SlidingWindow__cell31__out00.png>
Package pdftex.def Info: figures/L96_SlidingWindow__cell31__out00.png  used on input line 330.
(pdftex.def)             Requested size: 375.80544pt x 268.8147pt.
<figures/L96_SlidingWindow__cell34__out00.png, id=239, 931.5603pt x 672.8337pt>
File: figures/L96_SlidingWindow__cell34__out00.png Graphic file (type png)
<use figures/L96_SlidingWindow__cell34__out00.png>
Package pdftex.def Info: figures/L96_SlidingWindow__cell34__out00.png  used on input line 369.
(pdftex.def)             Requested size: 413.3867pt x 298.57332pt.


[14 <./figures/L96_SlidingWindow__cell27__out00.png>]
<figures/L96_SlidingWindow__cell36__out00.png, id=248, 1220.6403pt x 961.9137pt>
File: figures/L96_SlidingWindow__cell36__out00.png Graphic file (type png)
<use figures/L96_SlidingWindow__cell36__out00.png>
Package pdftex.def Info: figures/L96_SlidingWindow__cell36__out00.png  used on input line 402.
(pdftex.def)             Requested size: 413.3867pt x 325.7547pt.
) (./_sections/results_kflow.tex

[15 <./figures/L96_SlidingWindow__cell30__out00.png>]

[16 <./figures/L96_SlidingWindow__cell31__out00.png>]

[17 <./figures/L96_SlidingWindow__cell34__out00.png>]
<figures/KFlow_Full4DVar__cell06__out00.png, id=271, 1052.2512pt x 224.7597pt>
File: figures/KFlow_Full4DVar__cell06__out00.png Graphic file (type png)
<use figures/KFlow_Full4DVar__cell06__out00.png>
Package pdftex.def Info: figures/KFlow_Full4DVar__cell06__out00.png  used on input line 13.
(pdftex.def)             Requested size: 385.20255pt x 82.27838pt.
<figures/KFlow_SlidingWindow__cell19__out00.png, id=272, 1086.2181pt x 273.9033pt>
File: figures/KFlow_SlidingWindow__cell19__out00.png Graphic file (type png)
<use figures/KFlow_SlidingWindow__cell19__out00.png>
Package pdftex.def Info: figures/KFlow_SlidingWindow__cell19__out00.png  used on input line 20.
(pdftex.def)             Requested size: 385.20255pt x 97.13394pt.


[18 <./figures/L96_SlidingWindow__cell36__out00.png>]
<figures/KFlow_SlidingWindow__cell24__out00.png, id=280, 849.1725pt x 518.1759pt>
File: figures/KFlow_SlidingWindow__cell24__out00.png Graphic file (type png)
<use figures/KFlow_SlidingWindow__cell24__out00.png>
Package pdftex.def Info: figures/KFlow_SlidingWindow__cell24__out00.png  used on input line 30.
(pdftex.def)             Requested size: 385.20255pt x 235.05879pt.


[19 <./figures/KFlow_Full4DVar__cell06__out00.png> <./figures/KFlow_SlidingWindow__cell19__out00.png>]
<figures/KFlow_SlidingWindow__cell27__out00.png, id=291, 932.283pt x 672.8337pt>
File: figures/KFlow_SlidingWindow__cell27__out00.png Graphic file (type png)
<use figures/KFlow_SlidingWindow__cell27__out00.png>
Package pdftex.def Info: figures/KFlow_SlidingWindow__cell27__out00.png  used on input line 40.
(pdftex.def)             Requested size: 385.20255pt x 278.00931pt.


[20 <./figures/KFlow_SlidingWindow__cell24__out00.png>]
<figures/KFlow_SlidingWindow__cell31__out00.png, id=303, 932.283pt x 672.8337pt>
File: figures/KFlow_SlidingWindow__cell31__out00.png Graphic file (type png)
<use figures/KFlow_SlidingWindow__cell31__out00.png>
Package pdftex.def Info: figures/KFlow_SlidingWindow__cell31__out00.png  used on input line 50.
(pdftex.def)             Requested size: 385.20255pt x 278.00931pt.
<figures/KFlow_SlidingWindow__cell33__out00.png, id=305, 648.9846pt x 1035.6291pt>
File: figures/KFlow_SlidingWindow__cell33__out00.png Graphic file (type png)
<use figures/KFlow_SlidingWindow__cell33__out00.png>
Package pdftex.def Info: figures/KFlow_SlidingWindow__cell33__out00.png  used on input line 60.
(pdftex.def)             Requested size: 228.24721pt x 364.23921pt.
)

[21 <./figures/KFlow_SlidingWindow__cell27__out00.png>] (./_sections/discussion.tex

[22 <./figures/KFlow_SlidingWindow__cell31__out00.png>]

[23 <./figures/KFlow_SlidingWindow__cell33__out00.png>]

[24]) (./main.bbl)

[25] (./main.aux)
 ***********
LaTeX2e <2025-06-01> patch level 1
L3 programming layer <2025-09-02>
 ***********
Package rerunfilecheck Info: File `main.out' has not changed.
(rerunfilecheck)             Checksum: EB60C64EE3AEDAC96CFBEEAB984B4EA5;4330.
 ) 
Here is how much of TeX's memory you used:
 11233 strings out of 469729
 175979 string characters out of 5475117
 609181 words of memory out of 5000000
 39421 multiletter control sequences out of 15000+600000
 639973 words of font info for 85 fonts, out of 8000000 for 9000
 14 hyphenation exceptions out of 8191
 75i,11n,79p,1541b,479s stack positions out of 10000i,1000n,20000p,200000b,200000s
<c:/Users/ericx/AppData/Roaming/TinyTeX/texmf-dist/fonts/type1/public/amsfonts/cm/cmbx10.pfb><c:/Users/ericx/AppData/Roaming/TinyTeX/texmf-dist/fonts/type1/public/amsfonts/cm/cmbx12.pfb><c:/Users/ericx/AppData/Roaming/TinyTeX/texmf-dist/fonts/type1/public/amsfonts/cm/cmex10.pfb><c:/Users/ericx/AppData/Roaming/TinyTeX/texmf-dist/fonts/type1/public/amsfonts/cm/cmmi10.pfb><c:/Users/ericx/AppData/Roaming/TinyTeX/texmf-dist/fonts/type1/public/amsfonts/cm/cmmi6.pfb><c:/Users/ericx/AppData/Roaming/TinyTeX/texmf-dist/fonts/type1/public/amsfonts/cm/cmmi8.pfb><c:/Users/ericx/AppData/Roaming/TinyTeX/texmf-dist/fonts/type1/public/amsfonts/cm/cmmib10.pfb><c:/Users/ericx/AppData/Roaming/TinyTeX/texmf-dist/fonts/type1/public/amsfonts/cm/cmr10.pfb><c:/Users/ericx/AppData/Roaming/TinyTeX/texmf-dist/fonts/type1/public/amsfonts/cm/cmr12.pfb><c:/Users/ericx/AppData/Roaming/TinyTeX/texmf-dist/fonts/type1/public/amsfonts/cm/cmr6.pfb><c:/Users/ericx/AppData/Roaming/TinyTeX/texmf-dist/fonts/type1/public/amsfonts/cm/cmr8.pfb><c:/Users/ericx/AppData/Roaming/TinyTeX/texmf-dist/fonts/type1/public/amsfonts/cm/cmsy10.pfb><c:/Users/ericx/AppData/Roaming/TinyTeX/texmf-dist/fonts/type1/public/amsfonts/cm/cmsy8.pfb><c:/Users/ericx/AppData/Roaming/TinyTeX/texmf-dist/fonts/type1/public/amsfonts/cm/cmti10.pfb><c:/Users/ericx/AppData/Roaming/TinyTeX/texmf-dist/fonts/type1/public/amsfonts/cm/cmtt10.pfb><c:/Users/ericx/AppData/Roaming/TinyTeX/texmf-dist/fonts/type1/public/amsfonts/symbols/msam10.pfb><c:/Users/ericx/AppData/Roaming/TinyTeX/texmf-dist/fonts/type1/public/amsfonts/symbols/msbm10.pfb>
Output written on main.pdf (25 pages, 1907721 bytes).
PDF statistics:
 430 PDF objects out of 1000 (max. 8388607)
 329 compressed objects within 4 object streams
 93 named destinations out of 1000 (max. 500000)
 283 words of extra memory for PDF output out of 10000 (max. 10000000)

